/Applications/STM32CubeIDE.app/Contents/Eclipse/plugins/com.st.stm32cube.ide.mcu.externaltools.gnu-tools-for-stm32.12.3.rel1.macos64_1.1.0.202410301201/tools/arm-none-eabi/include/c++/12.3.1/arm-none-eabi/thumb/v7e-m+fp/hard/bits/gthr-default.h:229:1:int __gthread_key_delete(__gthread_key_t)	16	static
../Core/Src/cppTest.cpp:15:5:int func()	16	static
../Core/Src/cppTest.cpp:20:1:void __static_initialization_and_destruction_0(int, int)	16	static
../Core/Src/cppTest.cpp:20:1:cpp)	8	static
../Core/Src/cppTest.cpp:20:1:cpp)	8	static
