../Core/Src/main.c:104:5:_write	24	static
../Core/Src/main.c:109:6:SetRTC_FromUnixTime	48	static
../Core/Src/main.c:150:8:GetUnixTimeFromRTC	88	static
../Core/Src/main.c:182:5:main	128	static,ignoring_inline_asm
../Core/Src/main.c:296:6:SystemClock_Config	88	static
../Core/Src/main.c:344:13:MX_RTC_Init	32	static
../Core/Src/main.c:406:13:MX_TIM1_Init	32	static
../Core/Src/main.c:452:13:MX_TIM3_Init	64	static
../Core/Src/main.c:519:13:MX_USART1_UART_Init	8	static
../Core/Src/main.c:552:13:MX_USART2_UART_Init	8	static
../Core/Src/main.c:585:13:MX_GPIO_Init	48	static
../Core/Src/main.c:628:6:HAL_UART_RxCpltCallback	24	static
../Core/Src/main.c:703:6:Error_Handler	4	static,ignoring_inline_asm
